---
source: hydroflow_plus_test/src/cluster.rs
expression: builder.ir()
---
[
    ForEach {
        f: { use crate :: __staged :: cluster :: * ; | (string , count) | println ! ("{}: {}" , string , count) },
        input: PipelineOp {
            kind: "reduce_keyed",
            gen_pipeline: <function>,
            input: Persist(
                Map {
                    f: { use hydroflow_plus :: __staged :: stream :: * ; | (_ , b) | b },
                    input: Network {
                        to_location: 0,
                        serialize_pipeline: Some(
                            Operator(
                                Operator {
                                    path: "map",
                                    args: [
                                        "| data | { hydroflow_plus :: runtime_support :: bincode :: serialize :: < (std :: string :: String , i32) > (& data) . unwrap () . into () }",
                                    ],
                                },
                            ),
                        ),
                        sink_expr: { use hydroflow_plus_cli_integration :: __staged :: runtime :: * ; let self_cli = FAKE ; let port = "port_1" ; { self_cli . port (port) . connect_local_blocking :: < ConnectedDirect > () . into_sink () } },
                        source_expr: { use hydroflow_plus_cli_integration :: __staged :: runtime :: * ; let self_cli = FAKE ; let port = "port_1" ; { self_cli . port (port) . connect_local_blocking :: < ConnectedTagged < ConnectedDirect > > () . into_source () } },
                        deserialize_pipeline: Some(
                            Operator(
                                Operator {
                                    path: "map",
                                    args: [
                                        "| res | { let (id , b) = res . unwrap () ; (id , hydroflow_plus :: runtime_support :: bincode :: deserialize :: < (std :: string :: String , i32) > (& b) . unwrap ()) }",
                                    ],
                                },
                            ),
                        ),
                        input: PipelineOp {
                            kind: "inspect",
                            gen_pipeline: <function>,
                            input: PipelineOp {
                                kind: "fold_keyed",
                                gen_pipeline: <function>,
                                input: Map {
                                    f: { use crate :: __staged :: cluster :: * ; | string | (string , ()) },
                                    input: Network {
                                        to_location: 1,
                                        serialize_pipeline: Some(
                                            Operator(
                                                Operator {
                                                    path: "map",
                                                    args: [
                                                        "| (id , data) | { (id , hydroflow_plus :: runtime_support :: bincode :: serialize :: < std :: string :: String > (& data) . unwrap () . into ()) }",
                                                    ],
                                                },
                                            ),
                                        ),
                                        sink_expr: { use hydroflow_plus_cli_integration :: __staged :: runtime :: * ; let self_cli = FAKE ; let port = "port_0" ; { self_cli . port (port) . connect_local_blocking :: < ConnectedDemux < ConnectedDirect > > () . into_sink () } },
                                        source_expr: { use hydroflow_plus_cli_integration :: __staged :: runtime :: * ; let self_cli = FAKE ; let port = "port_0" ; { self_cli . port (port) . connect_local_blocking :: < ConnectedDirect > () . into_source () } },
                                        deserialize_pipeline: Some(
                                            Operator(
                                                Operator {
                                                    path: "map",
                                                    args: [
                                                        "| res | { hydroflow_plus :: runtime_support :: bincode :: deserialize :: < std :: string :: String > (& res . unwrap ()) . unwrap () }",
                                                    ],
                                                },
                                            ),
                                        ),
                                        input: Map {
                                            f: { use crate :: __staged :: cluster :: * ; let all_ids_vec = { use hydroflow_plus_cli_integration :: __staged :: runtime :: * ; let cli = FAKE ; let self_id = 1usize ; cli . meta . clusters . get (& self_id) . unwrap () } ; | (i , w) | ((i % all_ids_vec . len ()) as u32 , w) },
                                            input: PipelineOp {
                                                kind: "enumerate",
                                                gen_pipeline: <function>,
                                                input: Map {
                                                    f: { use crate :: __staged :: cluster :: * ; | s | s . to_string () },
                                                    input: Source {
                                                        source: Iter(
                                                            { use crate :: __staged :: cluster :: * ; vec ! ["abc" , "abc" , "xyz" , "abc"] },
                                                        ),
                                                        produces_delta: false,
                                                        location_id: 0,
                                                    },
                                                },
                                            },
                                        },
                                    },
                                },
                            },
                        },
                    },
                },
            ),
        },
    },
]
