---
source: hydroflow_plus_test/src/cluster/many_to_many.rs
expression: builder.extract().ir()
---
[
    ForEach {
        f: { use crate :: __staged :: cluster :: many_to_many :: * ; | n | println ! ("cluster received: {:?}" , n) },
        input: Network {
            to_location: 0,
            serialize_pipeline: Some(
                Operator(
                    Operator {
                        path: "map",
                        args: [
                            "| (id , data) | { (id , hydroflow_plus :: runtime_support :: bincode :: serialize :: < i32 > (& data) . unwrap () . into ()) }",
                        ],
                    },
                ),
            ),
            sink_expr: null,
            source_expr: null,
            deserialize_pipeline: Some(
                Operator(
                    Operator {
                        path: "map",
                        args: [
                            "| res | { let (id , b) = res . unwrap () ; (id , hydroflow_plus :: runtime_support :: bincode :: deserialize :: < i32 > (& b) . unwrap ()) }",
                        ],
                    },
                ),
            ),
            input: FlatMap {
                f: { use hydroflow_plus :: __staged :: stream :: * ; let ids = { use hydroflow_plus_cli_integration :: __staged :: deploy :: * ; panic ! () } ; | b | ids . iter () . map (move | id | (:: std :: clone :: Clone :: clone (id) , :: std :: clone :: Clone :: clone (& b))) },
                input: Source {
                    source: Iter(
                        { use crate :: __staged :: cluster :: many_to_many :: * ; 0 .. 2 },
                    ),
                    location_id: 0,
                },
            },
        },
    },
]
