---
source: hydroflow_datalog_core/src/lib.rs
expression: flat_graph_ref.surface_syntax_string()
---
1v1 = merge ();
2v1 = unique :: < 'tick > ();
3v1 = tee ();
4v1 = merge ();
5v1 = unique :: < 'tick > ();
6v1 = tee ();
7v1 = merge ();
8v1 = unique :: < 'tick > ();
9v1 = persist ();
10v1 = tee ();
11v1 = source_stream (ints);
12v1 = for_each (| v | result . send (v) . unwrap ());
13v1 = map (| row : (_ ,) | (row . 0 ,));
14v1 = map (| row : (_ ,) | (row . 0 ,));

2v1 -> 3v1;
1v1 -> 2v1;
5v1 -> 6v1;
4v1 -> 5v1;
9v1 -> 10v1;
8v1 -> 9v1;
7v1 -> 8v1;
11v1 -> 1v1;
6v1 -> 12v1;
13v1 -> 7v1;
3v1 -> 13v1;
14v1 -> 4v1;
10v1 -> 14v1;

