---
source: hydroflow_datalog_core/src/lib.rs
expression: flat_graph_ref.surface_syntax_string()
---
1v1 = merge ();
2v1 = unique :: < 'tick > ();
3v1 = tee ();
4v1 = merge ();
5v1 = unique :: < 'tick > ();
6v1 = tee ();
7v1 = merge ();
8v1 = unique :: < 'tick > ();
9v1 = tee ();
10v1 = source_stream (ints2);
11v1 = for_each (| v | result . send (v) . unwrap ());
12v1 = map (| row : (_ ,) | (row . 0 ,));
13v1 = persist ();
14v1 = unique :: < 'tick > ();
15v1 = map (| row : (_ ,) | (() , (row . 0 ,)));
16v1 = group_by :: < 'tick , () , (Option < _ > ,) > (| | (None ,) , | old : & mut (Option < _ > ,) , val : (_ ,) | { old . 0 = if let Some (prev) = old . 0 . take () { Some (prev + 1) } else { Some (1) } ; });
17v1 = map (| (g , a) | (a . 0 . unwrap () ,));

2v1 -> 3v1;
1v1 -> 2v1;
5v1 -> 6v1;
4v1 -> 5v1;
8v1 -> 9v1;
7v1 -> 8v1;
10v1 -> 4v1;
9v1 -> 11v1;
12v1 -> 1v1;
6v1 -> 12v1;
17v1 -> 7v1;
16v1 -> 17v1;
15v1 -> 16v1;
14v1 -> 15v1;
13v1 -> 14v1;
3v1 -> 13v1;

